// Vitest Snapshot v1, https://vitest.dev/guide/snapshot.html

exports[`Welcome > matches snapshot 1`] = `
<div>
  <div
    class="welcome"
    data-testid="welcome-container"
  >
    <div
      class="welcome-header-section"
      data-testid="welcome-header"
    >
      <img
        alt="Hearthstone Icon"
        class="welcome-logo"
        src="/src/assets/images/hearthstone-icon.png"
      />
      <h2>
        Welcome
      </h2>
    </div>
    <p>
      Lorem ipsum dolor sit amet consectetur adipisicing elit. Et voluptas eligendi maiores beatae eius, odit aperiam, pariatur tenetur sequi quis doloribus perspiciatis neque voluptatem, consequuntur aliquid quam. Voluptatem perferendis ea reiciendis impedit similique cupiditate explicabo necessitatibus! Minima velit, praesentium rerum sed delectus excepturi, ducimus ipsum repudiandae suscipit ullam at consequuntur aliquid fuga iure dicta nisi ex sequi. Porro ipsum laborum ut velit nulla fugit officiis omnis, eos repudiandae saepe veniam molestiae. Enim officia aut nemo voluptatum ratione sapiente ipsa obcaecati cum, quas veritatis debitis quis odit quasi minus explicabo incidunt.
    </p>
    <p>
      Lorem ipsum dolor sit amet consectetur adipisicing elit. Et voluptas eligendi maiores beatae eius, odit aperiam, pariatur tenetur sequi quis doloribus perspiciatis neque voluptatem, consequuntur aliquid quam. Voluptatem perferendis ea reiciendis impedit similique cupiditate explicabo necessitatibus! Minima velit, praesentium rerum sed delectus excepturi, ducimus ipsum repudiandae suscipit ullam at consequuntur aliquid fuga iure dicta nisi ex sequi. Porro ipsum laborum ut velit nulla fugit officiis omnis, eos repudiandae saepe veniam molestiae. Enim officia aut nemo voluptatum ratione sapiente ipsa obcaecati cum, quas veritatis debitis quis odit quasi minus explicabo incidunt!
    </p>
    <p>
      Lorem ipsum, dolor sit amet consectetur adipisicing elit. Minus repudiandae reiciendis accusamus maxime dolor eum in sed quam hic sunt ad veniam architecto harum, dolorum eveniet distinctio provident nam at placeat asperiores! Eum veniam molestias ab odit, necessitatibus ipsa quam veritatis perferendis doloribus dicta voluptatibus voluptatum excepturi ullam quasi sed maxime quaerat qui consequuntur earum illo labore officiis nemo impedit facere. Veritatis numquam excepturi dolor vero rem. Voluptates eligendi ut voluptate. Ullam magni quisquam voluptatibus veniam autem? Sed iure ipsam odio vel porro distinctio vitae eum eos possimus ab, doloribus perspiciatis omnis ut impedit fugit earum voluptatem eligendi quidem voluptatum?
    </p>
  </div>
</div>
`;
