// Vitest Snapshot v1, https://vitest.dev/guide/snapshot.html

exports[`Header > matches snapshot 1`] = `
<div
  class="header"
>
  <div
    class="header-left"
  >
    <a
      aria-current="page"
      class="active"
      data-discover="true"
      href="/"
    >
      <img
        alt="hearthstone-banner"
        class="header-logo"
        src="/src/assets/images/hearthstone-banner.png"
      />
    </a>
    <h1>
      Deck Tracker
    </h1>
  </div>
  <div
    class="header-right"
  >
    <div
      class="auth-container"
    >
      <svg
        aria-hidden="true"
        class="svg-inline--fa fa-spinner auth-spinner fa-spin"
        data-icon="spinner"
        data-prefix="fas"
        role="img"
        viewBox="0 0 512 512"
      >
        <path
          d="M208 48a48 48 0 1 1 96 0 48 48 0 1 1 -96 0zm0 416a48 48 0 1 1 96 0 48 48 0 1 1 -96 0zM48 208a48 48 0 1 1 0 96 48 48 0 1 1 0-96zm368 48a48 48 0 1 1 96 0 48 48 0 1 1 -96 0zM75 369.1A48 48 0 1 1 142.9 437 48 48 0 1 1 75 369.1zM75 75A48 48 0 1 1 142.9 142.9 48 48 0 1 1 75 75zM437 369.1A48 48 0 1 1 369.1 437 48 48 0 1 1 437 369.1z"
          fill="currentColor"
        />
      </svg>
    </div>
  </div>
</div>
`;
