// Vitest Snapshot v1, https://vitest.dev/guide/snapshot.html

exports[`Nav > matches snapshot 1`] = `
<div>
  <div
    class="nav"
  >
    <h2>
      Menu
    </h2>
    <div
      class="nav-collapsable"
    >
      <i
        class="fa-solid fa-angle-right"
      />
      <div>
        Admin
      </div>
    </div>
    <div
      class="nav-group-collapsed"
    >
      <a
        class="nav-link"
        data-discover="true"
        href="/ManageMetaData"
      >
        Manage Meta-Data
      </a>
      <a
        class="nav-link"
        data-discover="true"
        href="/ManageMetaData"
      >
        Manage Cards
      </a>
    </div>
    <div
      class="nav-collapsable"
    >
      <i
        class="fa-solid fa-angle-right"
      />
      <div>
        Decks
      </div>
    </div>
    <div
      class="nav-group-collapsed"
    >
      <a
        class="nav-link"
        data-discover="true"
        href="/ManageMetaData"
      >
        Link 1
      </a>
      <a
        class="nav-link"
        data-discover="true"
        href="/ManageMetaData"
      >
        Link 2
      </a>
    </div>
  </div>
</div>
`;
